[hotelmoonpalace.in/index.html]
[backblue.gif]
[fade.gif]
[index.html]
[hotelmoonpalace.in/index-2.html]
[hotelmoonpalace.in/accomodation.html]
[hotelmoonpalace.in/food.html]
[hotelmoonpalace.in/events.html]
[hotelmoonpalace.in/photogallery.html]
[hotelmoonpalace.in/contact.html]
[hotelmoonpalace.in/images/banner3.jpg]
[hotelmoonpalace.in/images/banner1.jpg]
[hotelmoonpalace.in/images/banner2.jpg]
[hotelmoonpalace.in/images/banner4.jpg]
[hotelmoonpalace.in/images/hotel.jpg]
[hotelmoonpalace.in/images/imagef1.jpg]
[hotelmoonpalace.in/images/imagef2.jpg]
[hotelmoonpalace.in/images/imagef3.jpg]
[hotelmoonpalace.in/images/image4.jpg]
[hotelmoonpalace.in/images/fbb.png]
[hotelmoonpalace.in/images/tww.png]
[hotelmoonpalace.in/images/inn.png]
[hotelmoonpalace.in/images/gg.png]
[hotelmoonpalace.in/sitemap.html]
[hotelmoonpalace.in/Activebit_icon.png]
[hotelmoonpalace.in/js/jquery-2.1.1.min.js]
[hotelmoonpalace.in/js/easing.js]
[hotelmoonpalace.in/js/scroll.js]
[hotelmoonpalace.in/js/wow.js]
[hotelmoonpalace.in/index.html]
[hotelmoonpalace.in/fonts/glyphicons-halflings-regular.eot]
[hotelmoonpalace.in/fonts/glyphicons-halflings-regular.woff]
[hotelmoonpalace.in/fonts/glyphicons-halflings-regulard41d.eot]
[hotelmoonpalace.in/fonts/glyphicons-halflings-regular.ttf]
[hotelmoonpalace.in/css/bootstrap.min.css]
[hotelmoonpalace.in/css/carousel.css]
[hotelmoonpalace.in/css/animate.css]
[hotelmoonpalace.in/images/MoonPalaceLogo.jpg]
[hotelmoonpalace.in/images/arrow_left_tiny.png]
[hotelmoonpalace.in/images/arroww.png]
[hotelmoonpalace.in/css/custom.css]
[hotelmoonpalace.in/index-2.html]
[hotelmoonpalace.in/images/acroom1.jpg]
[hotelmoonpalace.in/images/acroom2.jpg]
[hotelmoonpalace.in/images/nonacroom.jpg]
[hotelmoonpalace.in/images/nonacroom2.jpg]
[hotelmoonpalace.in/accomodation.html]
[hotelmoonpalace.in/images/veg1.jpg]
[hotelmoonpalace.in/images/veg2.jpg]
[hotelmoonpalace.in/images/veg3.jpg]
[hotelmoonpalace.in/images/veg4.jpg]
[hotelmoonpalace.in/images/food1.jpg]
[hotelmoonpalace.in/images/food2.jpg]
[hotelmoonpalace.in/images/food3.jpg]
[hotelmoonpalace.in/images/food4.jpg]
[hotelmoonpalace.in/food.html]
[hotelmoonpalace.in/images/lawn.jpg]
[hotelmoonpalace.in/images/hall.jpg]
[hotelmoonpalace.in/events.html]
[hotelmoonpalace.in/images/gallery1.jpg]
[hotelmoonpalace.in/images/gallery2.jpg]
[hotelmoonpalace.in/images/gallery3.jpg]
[hotelmoonpalace.in/images/gallery10.jpg]
[hotelmoonpalace.in/images/gallery4.jpg]
[hotelmoonpalace.in/images/gallery5.jpg]
[hotelmoonpalace.in/images/gallery6.jpg]
[hotelmoonpalace.in/images/gallery11.jpg]
[hotelmoonpalace.in/images/gallery7.jpg]
[hotelmoonpalace.in/images/gallery8.jpg]
[hotelmoonpalace.in/images/gallery9.jpg]
[hotelmoonpalace.in/images/gallery12.jpg]
[hotelmoonpalace.in/photogallery.html]
[hotelmoonpalace.in/contact.html]
[hotelmoonpalace.in/sitemap.html]
[hotelmoonpalace.in/js/bootstrap.min.js]
[hotelmoonpalace.in/fonts/glyphicons-halflings-regular.svg]
[hotelmoonpalace.in/css/PIE-2.0beta1/PIE.html]
